=== MoonSec clone ===
Cloning into '/tmp/MoonsecDeobfuscator'...
clone_exit=0
=== dotnet build ===
  Determining projects to restore...
  Restored /tmp/MoonsecDeobfuscator/MoonsecDeobfuscator.csproj (in 723 ms).
/tmp/MoonsecDeobfuscator/src/Syntax/Parser/LuaVisitor.cs(22,18): warning CS3021: 'ILuaVisitor<Result>' does not need a CLSCompliant attribute because the assembly does not have a CLSCompliant attribute [/tmp/MoonsecDeobfuscator/MoonsecDeobfuscator.csproj]
/tmp/MoonsecDeobfuscator/src/Syntax/Parser/LuaParser.cs(20,22): warning CS3021: 'LuaParser' does not need a CLSCompliant attribute because the assembly does not have a CLSCompliant attribute [/tmp/MoonsecDeobfuscator/MoonsecDeobfuscator.csproj]
/tmp/MoonsecDeobfuscator/src/Syntax/Parser/LuaLexer.cs(19,22): warning CS3021: 'LuaLexer' does not need a CLSCompliant attribute because the assembly does not have a CLSCompliant attribute [/tmp/MoonsecDeobfuscator/MoonsecDeobfuscator.csproj]
/tmp/MoonsecDeobfuscator/src/Syntax/Parser/LuaBaseVisitor.cs(24,22): warning CS3021: 'LuaBaseVisitor<Result>' does not need a CLSCompliant attribute because the assembly does not have a CLSCompliant attribute [/tmp/MoonsecDeobfuscator/MoonsecDeobfuscator.csproj]
/tmp/MoonsecDeobfuscator/src/Syntax/Parser/LuaParser.cs(56,3): warning CS8625: Cannot convert null literal to non-nullable reference type. [/tmp/MoonsecDeobfuscator/MoonsecDeobfuscator.csproj]
/tmp/MoonsecDeobfuscator/src/Syntax/Parser/LuaParser.cs(65,3): warning CS8625: Cannot convert null literal to non-nullable reference type. [/tmp/MoonsecDeobfuscator/MoonsecDeobfuscator.csproj]
/tmp/MoonsecDeobfuscator/src/Syntax/Parser/LuaParser.cs(65,9): warning CS8625: Cannot convert null literal to non-nullable reference type. [/tmp/MoonsecDeobfuscator/MoonsecDeobfuscator.csproj]
/tmp/MoonsecDeobfuscator/src/Syntax/Parser/LuaParser.cs(65,15): warning CS8625: Cannot convert null literal to non-nullable reference type. [/tmp/MoonsecDeobfuscator/MoonsecDeobfuscator.csproj]
/tmp/MoonsecDeobfuscator/src/Syntax/Parser/LuaParser.cs(65,21): warning CS8625: Cannot convert null literal to non-nullable reference type. [/tmp/MoonsecDeobfuscator/MoonsecDeobfuscator.csproj]
/tmp/MoonsecDeobfuscator/src/Syntax/Parser/LuaParser.cs(65,27): warning CS8625: Cannot convert null literal to non-nullable reference type. [/tmp/MoonsecDeobfuscator/MoonsecDeobfuscator.csproj]
/tmp/MoonsecDeobfuscator/src/Syntax/Parser/LuaParser.cs(65,33): warning CS8625: Cannot convert null literal to non-nullable reference type. [/tmp/MoonsecDeobfuscator/MoonsecDeobfuscator.csproj]
/tmp/MoonsecDeobfuscator/src/Syntax/Parser/LuaParser.cs(65,39): warning CS8625: Cannot convert null literal to non-nullable reference type. [/tmp/MoonsecDeobfuscator/MoonsecDeobfuscator.csproj]
/tmp/MoonsecDeobfuscator/src/Syntax/Parser/LuaParser.cs(65,45): warning CS8625: Cannot convert null literal to non-nullable reference type. [/tmp/MoonsecDeobfuscator/MoonsecDeobfuscator.csproj]
/tmp/MoonsecDeobfuscator/src/Syntax/Parser/LuaParser.cs(65,51): warning CS8625: Cannot convert null literal to non-nullable reference type. [/tmp/MoonsecDeobfuscator/MoonsecDeobfuscator.csproj]
/tmp/MoonsecDeobfuscator/src/Syntax/Parser/LuaParser.cs(65,57): warning CS8625: Cannot convert null literal to non-nullable reference type. [/tmp/MoonsecDeobfuscator/MoonsecDeobfuscator.csproj]
/tmp/MoonsecDeobfuscator/src/Syntax/Parser/LuaParser.cs(65,63): warning CS8625: Cannot convert null literal to non-nullable reference type. [/tmp/MoonsecDeobfuscator/MoonsecDeobfuscator.csproj]
/tmp/MoonsecDeobfuscator/src/Syntax/Parser/LuaParser.cs(65,69): warning CS8625: Cannot convert null literal to non-nullable reference type. [/tmp/MoonsecDeobfuscator/MoonsecDeobfuscator.csproj]
/tmp/MoonsecDeobfuscator/src/Syntax/Parser/LuaParser.cs(66,3): warning CS8625: Cannot convert null literal to non-nullable reference type. [/tmp/MoonsecDeobfuscator/MoonsecDeobfuscator.csproj]
/tmp/MoonsecDeobfuscator/src/Syntax/Parser/LuaParser.cs(66,9): warning CS8625: Cannot convert null literal to non-nullable reference type. [/tmp/MoonsecDeobfuscator/MoonsecDeobfuscator.csproj]
/tmp/MoonsecDeobfuscator/src/Syntax/Parser/LuaParser.cs(66,15): warning CS8625: Cannot convert null literal to non-nullable reference type. [/tmp/MoonsecDeobfuscator/MoonsecDeobfuscator.csproj]
/tmp/MoonsecDeobfuscator/src/Syntax/Parser/LuaParser.cs(66,21): warning CS8625: Cannot convert null literal to non-nullable reference type. [/tmp/MoonsecDeobfuscator/MoonsecDeobfuscator.csproj]
/tmp/MoonsecDeobfuscator/src/Syntax/Parser/LuaParser.cs(66,27): warning CS8625: Cannot convert null literal to non-nullable reference type. [/tmp/MoonsecDeobfuscator/MoonsecDeobfuscator.csproj]
/tmp/MoonsecDeobfuscator/src/Syntax/Parser/LuaParser.cs(66,33): warning CS8625: Cannot convert null literal to non-nullable reference type. [/tmp/MoonsecDeobfuscator/MoonsecDeobfuscator.csproj]
/tmp/MoonsecDeobfuscator/src/Syntax/Parser/LuaParser.cs(66,39): warning CS8625: Cannot convert null literal to non-nullable reference type. [/tmp/MoonsecDeobfuscator/MoonsecDeobfuscator.csproj]
/tmp/MoonsecDeobfuscator/src/Syntax/Parser/LuaParser.cs(66,45): warning CS8625: Cannot convert null literal to non-nullable reference type. [/tmp/MoonsecDeobfuscator/MoonsecDeobfuscator.csproj]
/tmp/MoonsecDeobfuscator/src/Syntax/Parser/LuaParser.cs(66,51): warning CS8625: Cannot convert null literal to non-nullable reference type. [/tmp/MoonsecDeobfuscator/MoonsecDeobfuscator.csproj]
/tmp/MoonsecDeobfuscator/src/Syntax/Parser/LuaParser.cs(66,57): warning CS8625: Cannot convert null literal to non-nullable reference type. [/tmp/MoonsecDeobfuscator/MoonsecDeobfuscator.csproj]
/tmp/MoonsecDeobfuscator/src/Syntax/Parser/LuaParser.cs(66,63): warning CS8625: Cannot convert null literal to non-nullable reference type. [/tmp/MoonsecDeobfuscator/MoonsecDeobfuscator.csproj]
/tmp/MoonsecDeobfuscator/src/Syntax/Parser/LuaParser.cs(66,69): warning CS8625: Cannot convert null literal to non-nullable reference type. [/tmp/MoonsecDeobfuscator/MoonsecDeobfuscator.csproj]
/tmp/MoonsecDeobfuscator/src/Syntax/Parser/LuaParser.cs(67,3): warning CS8625: Cannot convert null literal to non-nullable reference type. [/tmp/MoonsecDeobfuscator/MoonsecDeobfuscator.csproj]
/tmp/MoonsecDeobfuscator/src/Syntax/Parser/LuaParser.cs(67,9): warning CS8625: Cannot convert null literal to non-nullable reference type. [/tmp/MoonsecDeobfuscator/MoonsecDeobfuscator.csproj]
/tmp/MoonsecDeobfuscator/src/Syntax/Parser/LuaParser.cs(67,15): warning CS8625: Cannot convert null literal to non-nullable reference type. [/tmp/MoonsecDeobfuscator/MoonsecDeobfuscator.csproj]
/tmp/MoonsecDeobfuscator/src/Syntax/Parser/LuaParser.cs(67,21): warning CS8625: Cannot convert null literal to non-nullable reference type. [/tmp/MoonsecDeobfuscator/MoonsecDeobfuscator.csproj]
/tmp/MoonsecDeobfuscator/src/Syntax/Parser/LuaParser.cs(67,27): warning CS8625: Cannot convert null literal to non-nullable reference type. [/tmp/MoonsecDeobfuscator/MoonsecDeobfuscator.csproj]
/tmp/MoonsecDeobfuscator/src/Syntax/Parser/LuaParser.cs(67,33): warning CS8625: Cannot convert null literal to non-nullable reference type. [/tmp/MoonsecDeobfuscator/MoonsecDeobfuscator.csproj]
/tmp/MoonsecDeobfuscator/src/Syntax/Parser/LuaParser.cs(67,39): warning CS8625: Cannot convert null literal to non-nullable reference type. [/tmp/MoonsecDeobfuscator/MoonsecDeobfuscator.csproj]
/tmp/MoonsecDeobfuscator/src/Syntax/Parser/LuaParser.cs(67,45): warning CS8625: Cannot convert null literal to non-nullable reference type. [/tmp/MoonsecDeobfuscator/MoonsecDeobfuscator.csproj]
/tmp/MoonsecDeobfuscator/src/Syntax/Parser/LuaParser.cs(67,51): warning CS8625: Cannot convert null literal to non-nullable reference type. [/tmp/MoonsecDeobfuscator/MoonsecDeobfuscator.csproj]
/tmp/MoonsecDeobfuscator/src/Syntax/Parser/LuaParser.cs(67,57): warning CS8625: Cannot convert null literal to non-nullable reference type. [/tmp/MoonsecDeobfuscator/MoonsecDeobfuscator.csproj]
/tmp/MoonsecDeobfuscator/src/Syntax/Parser/LuaParser.cs(67,63): warning CS8625: Cannot convert null literal to non-nullable reference type. [/tmp/MoonsecDeobfuscator/MoonsecDeobfuscator.csproj]
/tmp/MoonsecDeobfuscator/src/Syntax/Parser/LuaParser.cs(67,69): warning CS8625: Cannot convert null literal to non-nullable reference type. [/tmp/MoonsecDeobfuscator/MoonsecDeobfuscator.csproj]
/tmp/MoonsecDeobfuscator/src/Syntax/Parser/LuaParser.cs(68,3): warning CS8625: Cannot convert null literal to non-nullable reference type. [/tmp/MoonsecDeobfuscator/MoonsecDeobfuscator.csproj]
/tmp/MoonsecDeobfuscator/src/Syntax/Parser/LuaParser.cs(68,9): warning CS8625: Cannot convert null literal to non-nullable reference type. [/tmp/MoonsecDeobfuscator/MoonsecDeobfuscator.csproj]
/tmp/MoonsecDeobfuscator/src/Syntax/Parser/LuaParser.cs(68,15): warning CS8625: Cannot convert null literal to non-nullable reference type. [/tmp/MoonsecDeobfuscator/MoonsecDeobfuscator.csproj]
/tmp/MoonsecDeobfuscator/src/Syntax/Parser/LuaParser.cs(68,21): warning CS8625: Cannot convert null literal to non-nullable reference type. [/tmp/MoonsecDeobfuscator/MoonsecDeobfuscator.csproj]
/tmp/MoonsecDeobfuscator/src/Syntax/Parser/LuaParser.cs(68,27): warning CS8625: Cannot convert null literal to non-nullable reference type. [/tmp/MoonsecDeobfuscator/MoonsecDeobfuscator.csproj]
/tmp/MoonsecDeobfuscator/src/Syntax/Parser/LuaParser.cs(68,33): warning CS8625: Cannot convert null literal to non-nullable reference type. [/tmp/MoonsecDeobfuscator/MoonsecDeobfuscator.csproj]
/tmp/MoonsecDeobfuscator/src/Syntax/Parser/LuaParser.cs(68,39): warning CS8625: Cannot convert null literal to non-nullable reference type. [/tmp/MoonsecDeobfuscator/MoonsecDeobfuscator.csproj]
/tmp/MoonsecDeobfuscator/src/Syntax/Parser/LuaParser.cs(68,45): warning CS8625: Cannot convert null literal to non-nullable reference type. [/tmp/MoonsecDeobfuscator/MoonsecDeobfuscator.csproj]
/tmp/MoonsecDeobfuscator/src/Syntax/Parser/LuaParser.cs(68,51): warning CS8625: Cannot convert null literal to non-nullable reference type. [/tmp/MoonsecDeobfuscator/MoonsecDeobfuscator.csproj]
/tmp/MoonsecDeobfuscator/src/Syntax/Parser/LuaParser.cs(68,57): warning CS8625: Cannot convert null literal to non-nullable reference type. [/tmp/MoonsecDeobfuscator/MoonsecDeobfuscator.csproj]
/tmp/MoonsecDeobfuscator/src/Syntax/Parser/LuaParser.cs(68,63): warning CS8625: Cannot convert null literal to non-nullable reference type. [/tmp/MoonsecDeobfuscator/MoonsecDeobfuscator.csproj]
/tmp/MoonsecDeobfuscator/src/Syntax/Parser/LuaParser.cs(68,69): warning CS8625: Cannot convert null literal to non-nullable reference type. [/tmp/MoonsecDeobfuscator/MoonsecDeobfuscator.csproj]
/tmp/MoonsecDeobfuscator/src/Syntax/Parser/LuaParser.cs(69,3): warning CS8625: Cannot convert null literal to non-nullable reference type. [/tmp/MoonsecDeobfuscator/MoonsecDeobfuscator.csproj]
/tmp/MoonsecDeobfuscator/src/Syntax/Parser/LuaParser.cs(69,9): warning CS8625: Cannot convert null literal to non-nullable reference type. [/tmp/MoonsecDeobfuscator/MoonsecDeobfuscator.csproj]
/tmp/MoonsecDeobfuscator/src/Syntax/Parser/LuaParser.cs(69,15): warning CS8625: Cannot convert null literal to non-nullable reference type. [/tmp/MoonsecDeobfuscator/MoonsecDeobfuscator.csproj]
/tmp/MoonsecDeobfuscator/src/Syntax/Parser/LuaParser.cs(69,21): warning CS8625: Cannot convert null literal to non-nullable reference type. [/tmp/MoonsecDeobfuscator/MoonsecDeobfuscator.csproj]
/tmp/MoonsecDeobfuscator/src/Syntax/Parser/LuaParser.cs(69,27): warning CS8625: Cannot convert null literal to non-nullable reference type. [/tmp/MoonsecDeobfuscator/MoonsecDeobfuscator.csproj]
/tmp/MoonsecDeobfuscator/src/Syntax/Parser/LuaParser.cs(69,33): warning CS8625: Cannot convert null literal to non-nullable reference type. [/tmp/MoonsecDeobfuscator/MoonsecDeobfuscator.csproj]
/tmp/MoonsecDeobfuscator/src/Syntax/Parser/LuaParser.cs(69,39): warning CS8625: Cannot convert null literal to non-nullable reference type. [/tmp/MoonsecDeobfuscator/MoonsecDeobfuscator.csproj]
/tmp/MoonsecDeobfuscator/src/Syntax/Parser/LuaParser.cs(69,45): warning CS8625: Cannot convert null literal to non-nullable reference type. [/tmp/MoonsecDeobfuscator/MoonsecDeobfuscator.csproj]
/tmp/MoonsecDeobfuscator/src/Deobfuscation/Context.cs(15,26): warning CS8618: Non-nullable field 'Wrapper' must contain a non-null value when exiting constructor. Consider adding the 'required' modifier or declaring the field as nullable. [/tmp/MoonsecDeobfuscator/MoonsecDeobfuscator.csproj]
/tmp/MoonsecDeobfuscator/src/Deobfuscation/Context.cs(16,15): warning CS8618: Non-nullable field 'VmTree' must contain a non-null value when exiting constructor. Consider adding the 'required' modifier or declaring the field as nullable. [/tmp/MoonsecDeobfuscator/MoonsecDeobfuscator.csproj]
/tmp/MoonsecDeobfuscator/src/Deobfuscation/Context.cs(17,19): warning CS8618: Non-nullable field 'BytecodeString' must contain a non-null value when exiting constructor. Consider adding the 'required' modifier or declaring the field as nullable. [/tmp/MoonsecDeobfuscator/MoonsecDeobfuscator.csproj]
/tmp/MoonsecDeobfuscator/src/Syntax/Parser/LuaParser.cs(3011,40): warning CS8600: Converting null literal or possible null value to non-nullable type. [/tmp/MoonsecDeobfuscator/MoonsecDeobfuscator.csproj]
/tmp/MoonsecDeobfuscator/src/Syntax/Parser/LuaParser.cs(2964,40): warning CS8600: Converting null literal or possible null value to non-nullable type. [/tmp/MoonsecDeobfuscator/MoonsecDeobfuscator.csproj]
/tmp/MoonsecDeobfuscator/src/Syntax/Parser/LuaParser.cs(2924,40): warning CS8600: Converting null literal or possible null value to non-nullable type. [/tmp/MoonsecDeobfuscator/MoonsecDeobfuscator.csproj]
/tmp/MoonsecDeobfuscator/src/Syntax/Parser/LuaParser.cs(2880,40): warning CS8600: Converting null literal or possible null value to non-nullable type. [/tmp/MoonsecDeobfuscator/MoonsecDeobfuscator.csproj]
/tmp/MoonsecDeobfuscator/src/Syntax/Parser/LuaParser.cs(2836,40): warning CS8600: Converting null literal or possible null value to non-nullable type. [/tmp/MoonsecDeobfuscator/MoonsecDeobfuscator.csproj]
/tmp/MoonsecDeobfuscator/src/Syntax/Parser/LuaParser.cs(2792,40): warning CS8600: Converting null literal or possible null value to non-nullable type. [/tmp/MoonsecDeobfuscator/MoonsecDeobfuscator.csproj]
/tmp/MoonsecDeobfuscator/src/Syntax/Parser/LuaParser.cs(2748,40): warning CS8600: Converting null literal or possible null value to non-nullable type. [/tmp/MoonsecDeobfuscator/MoonsecDeobfuscator.csproj]
/tmp/MoonsecDeobfuscator/src/Syntax/Parser/LuaParser.cs(2712,40): warning CS8600: Converting null literal or possible null value to non-nullable type. [/tmp/MoonsecDeobfuscator/MoonsecDeobfuscator.csproj]
/tmp/MoonsecDeobfuscator/src/Syntax/Parser/LuaParser.cs(2668,40): warning CS8600: Converting null literal or possible null value to non-nullable type. [/tmp/MoonsecDeobfuscator/MoonsecDeobfuscator.csproj]
/tmp/MoonsecDeobfuscator/src/Syntax/Parser/LuaParser.cs(2632,40): warning CS8600: Converting null literal or possible null value to non-nullable type. [/tmp/MoonsecDeobfuscator/MoonsecDeobfuscator.csproj]
/tmp/MoonsecDeobfuscator/src/Syntax/Parser/LuaParser.cs(2596,40): warning CS8600: Converting null literal or possible null value to non-nullable type. [/tmp/MoonsecDeobfuscator/MoonsecDeobfuscator.csproj]
/tmp/MoonsecDeobfuscator/src/Syntax/Parser/LuaParser.cs(2552,40): warning CS8600: Converting null literal or possible null value to non-nullable type. [/tmp/MoonsecDeobfuscator/MoonsecDeobfuscator.csproj]
/tmp/MoonsecDeobfuscator/src/Syntax/Parser/LuaParser.cs(2484,40): warning CS8600: Converting null literal or possible null value to non-nullable type. [/tmp/MoonsecDeobfuscator/MoonsecDeobfuscator.csproj]
/tmp/MoonsecDeobfuscator/src/Syntax/Parser/LuaParser.cs(2411,40): warning CS8600: Converting null literal or possible null value to non-nullable type. [/tmp/MoonsecDeobfuscator/MoonsecDeobfuscator.csproj]
/tmp/MoonsecDeobfuscator/src/Syntax/Parser/LuaParser.cs(2350,40): warning CS8600: Converting null literal or possible null value to non-nullable type. [/tmp/MoonsecDeobfuscator/MoonsecDeobfuscator.csproj]
/tmp/MoonsecDeobfuscator/src/Syntax/Parser/LuaParser.cs(2283,40): warning CS8600: Converting null literal or possible null value to non-nullable type. [/tmp/MoonsecDeobfuscator/MoonsecDeobfuscator.csproj]
/tmp/MoonsecDeobfuscator/src/Syntax/Parser/LuaParser.cs(2227,40): warning CS8600: Converting null literal or possible null value to non-nullable type. [/tmp/MoonsecDeobfuscator/MoonsecDeobfuscator.csproj]
/tmp/MoonsecDeobfuscator/src/Syntax/Parser/LuaParser.cs(2183,40): warning CS8600: Converting null literal or possible null value to non-nullable type. [/tmp/MoonsecDeobfuscator/MoonsecDeobfuscator.csproj]
/tmp/MoonsecDeobfuscator/src/Syntax/Parser/LuaParser.cs(2107,40): warning CS8600: Converting null literal or possible null value to non-nullable type. [/tmp/MoonsecDeobfuscator/MoonsecDeobfuscator.csproj]
/tmp/MoonsecDeobfuscator/src/Syntax/Parser/LuaParser.cs(2049,40): warning CS8600: Converting null literal or possible null value to non-nullable type. [/tmp/MoonsecDeobfuscator/MoonsecDeobfuscator.csproj]
/tmp/MoonsecDeobfuscator/src/Syntax/Parser/LuaParser.cs(117,40): warning CS8600: Converting null literal or possible null value to non-nullable type. [/tmp/MoonsecDeobfuscator/MoonsecDeobfuscator.csproj]
/tmp/MoonsecDeobfuscator/src/Syntax/Parser/LuaParser.cs(1988,40): warning CS8600: Converting null literal or possible null value to non-nullable type. [/tmp/MoonsecDeobfuscator/MoonsecDeobfuscator.csproj]
/tmp/MoonsecDeobfuscator/src/Syntax/Parser/LuaLexer.cs(66,3): warning CS8625: Cannot convert null literal to non-nullable reference type. [/tmp/MoonsecDeobfuscator/MoonsecDeobfuscator.csproj]
/tmp/MoonsecDeobfuscator/src/Syntax/Parser/LuaLexer.cs(75,3): warning CS8625: Cannot convert null literal to non-nullable reference type. [/tmp/MoonsecDeobfuscator/MoonsecDeobfuscator.csproj]
/tmp/MoonsecDeobfuscator/src/Syntax/Parser/LuaLexer.cs(75,9): warning CS8625: Cannot convert null literal to non-nullable reference type. [/tmp/MoonsecDeobfuscator/MoonsecDeobfuscator.csproj]
/tmp/MoonsecDeobfuscator/src/Syntax/Parser/LuaLexer.cs(75,15): warning CS8625: Cannot convert null literal to non-nullable reference type. [/tmp/MoonsecDeobfuscator/MoonsecDeobfuscator.csproj]
/tmp/MoonsecDeobfuscator/src/Syntax/Parser/LuaLexer.cs(75,21): warning CS8625: Cannot convert null literal to non-nullable reference type. [/tmp/MoonsecDeobfuscator/MoonsecDeobfuscator.csproj]
/tmp/MoonsecDeobfuscator/src/Syntax/Parser/LuaLexer.cs(75,27): warning CS8625: Cannot convert null literal to non-nullable reference type. [/tmp/MoonsecDeobfuscator/MoonsecDeobfuscator.csproj]
/tmp/MoonsecDeobfuscator/src/Syntax/Parser/LuaLexer.cs(75,33): warning CS8625: Cannot convert null literal to non-nullable reference type. [/tmp/MoonsecDeobfuscator/MoonsecDeobfuscator.csproj]
/tmp/MoonsecDeobfuscator/src/Syntax/Parser/LuaLexer.cs(75,39): warning CS8625: Cannot convert null literal to non-nullable reference type. [/tmp/MoonsecDeobfuscator/MoonsecDeobfuscator.csproj]
/tmp/MoonsecDeobfuscator/src/Syntax/Parser/LuaLexer.cs(75,45): warning CS8625: Cannot convert null literal to non-nullable reference type. [/tmp/MoonsecDeobfuscator/MoonsecDeobfuscator.csproj]
/tmp/MoonsecDeobfuscator/src/Syntax/Parser/LuaLexer.cs(75,51): warning CS8625: Cannot convert null literal to non-nullable reference type. [/tmp/MoonsecDeobfuscator/MoonsecDeobfuscator.csproj]
/tmp/MoonsecDeobfuscator/src/Syntax/Parser/LuaLexer.cs(75,57): warning CS8625: Cannot convert null literal to non-nullable reference type. [/tmp/MoonsecDeobfuscator/MoonsecDeobfuscator.csproj]
/tmp/MoonsecDeobfuscator/src/Syntax/Parser/LuaLexer.cs(75,63): warning CS8625: Cannot convert null literal to non-nullable reference type. [/tmp/MoonsecDeobfuscator/MoonsecDeobfuscator.csproj]
/tmp/MoonsecDeobfuscator/src/Syntax/Parser/LuaLexer.cs(75,69): warning CS8625: Cannot convert null literal to non-nullable reference type. [/tmp/MoonsecDeobfuscator/MoonsecDeobfuscator.csproj]
/tmp/MoonsecDeobfuscator/src/Syntax/Parser/LuaLexer.cs(76,3): warning CS8625: Cannot convert null literal to non-nullable reference type. [/tmp/MoonsecDeobfuscator/MoonsecDeobfuscator.csproj]
/tmp/MoonsecDeobfuscator/src/Syntax/Parser/LuaLexer.cs(76,9): warning CS8625: Cannot convert null literal to non-nullable reference type. [/tmp/MoonsecDeobfuscator/MoonsecDeobfuscator.csproj]
/tmp/MoonsecDeobfuscator/src/Syntax/Parser/LuaLexer.cs(76,15): warning CS8625: Cannot convert null literal to non-nullable reference type. [/tmp/MoonsecDeobfuscator/MoonsecDeobfuscator.csproj]
/tmp/MoonsecDeobfuscator/src/Syntax/Parser/LuaLexer.cs(76,21): warning CS8625: Cannot convert null literal to non-nullable reference type. [/tmp/MoonsecDeobfuscator/MoonsecDeobfuscator.csproj]
/tmp/MoonsecDeobfuscator/src/Syntax/Parser/LuaLexer.cs(76,27): warning CS8625: Cannot convert null literal to non-nullable reference type. [/tmp/MoonsecDeobfuscator/MoonsecDeobfuscator.csproj]
/tmp/MoonsecDeobfuscator/src/Syntax/Parser/LuaLexer.cs(76,33): warning CS8625: Cannot convert null literal to non-nullable reference type. [/tmp/MoonsecDeobfuscator/MoonsecDeobfuscator.csproj]
/tmp/MoonsecDeobfuscator/src/Syntax/Parser/LuaLexer.cs(76,39): warning CS8625: Cannot convert null literal to non-nullable reference type. [/tmp/MoonsecDeobfuscator/MoonsecDeobfuscator.csproj]
/tmp/MoonsecDeobfuscator/src/Syntax/Parser/LuaLexer.cs(76,45): warning CS8625: Cannot convert null literal to non-nullable reference type. [/tmp/MoonsecDeobfuscator/MoonsecDeobfuscator.csproj]
/tmp/MoonsecDeobfuscator/src/Syntax/Parser/LuaLexer.cs(76,51): warning CS8625: Cannot convert null literal to non-nullable reference type. [/tmp/MoonsecDeobfuscator/MoonsecDeobfuscator.csproj]
/tmp/MoonsecDeobfuscator/src/Syntax/Parser/LuaLexer.cs(76,57): warning CS8625: Cannot convert null literal to non-nullable reference type. [/tmp/MoonsecDeobfuscator/MoonsecDeobfuscator.csproj]
/tmp/MoonsecDeobfuscator/src/Syntax/Parser/LuaLexer.cs(76,63): warning CS8625: Cannot convert null literal to non-nullable reference type. [/tmp/MoonsecDeobfuscator/MoonsecDeobfuscator.csproj]
/tmp/MoonsecDeobfuscator/src/Syntax/Parser/LuaLexer.cs(76,69): warning CS8625: Cannot convert null literal to non-nullable reference type. [/tmp/MoonsecDeobfuscator/MoonsecDeobfuscator.csproj]
/tmp/MoonsecDeobfuscator/src/Syntax/Parser/LuaLexer.cs(77,3): warning CS8625: Cannot convert null literal to non-nullable reference type. [/tmp/MoonsecDeobfuscator/MoonsecDeobfuscator.csproj]
/tmp/MoonsecDeobfuscator/src/Syntax/Parser/LuaLexer.cs(77,9): warning CS8625: Cannot convert null literal to non-nullable reference type. [/tmp/MoonsecDeobfuscator/MoonsecDeobfuscator.csproj]
/tmp/MoonsecDeobfuscator/src/Syntax/Parser/LuaLexer.cs(77,15): warning CS8625: Cannot convert null literal to non-nullable reference type. [/tmp/MoonsecDeobfuscator/MoonsecDeobfuscator.csproj]
/tmp/MoonsecDeobfuscator/src/Syntax/Parser/LuaLexer.cs(77,21): warning CS8625: Cannot convert null literal to non-nullable reference type. [/tmp/MoonsecDeobfuscator/MoonsecDeobfuscator.csproj]
/tmp/MoonsecDeobfuscator/src/Syntax/Parser/LuaLexer.cs(77,27): warning CS8625: Cannot convert null literal to non-nullable reference type. [/tmp/MoonsecDeobfuscator/MoonsecDeobfuscator.csproj]
/tmp/MoonsecDeobfuscator/src/Syntax/Parser/LuaLexer.cs(77,33): warning CS8625: Cannot convert null literal to non-nullable reference type. [/tmp/MoonsecDeobfuscator/MoonsecDeobfuscator.csproj]
/tmp/MoonsecDeobfuscator/src/Syntax/Parser/LuaLexer.cs(77,39): warning CS8625: Cannot convert null literal to non-nullable reference type. [/tmp/MoonsecDeobfuscator/MoonsecDeobfuscator.csproj]
/tmp/MoonsecDeobfuscator/src/Syntax/Parser/LuaLexer.cs(77,45): warning CS8625: Cannot convert null literal to non-nullable reference type. [/tmp/MoonsecDeobfuscator/MoonsecDeobfuscator.csproj]
/tmp/MoonsecDeobfuscator/src/Syntax/Parser/LuaLexer.cs(77,51): warning CS8625: Cannot convert null literal to non-nullable reference type. [/tmp/MoonsecDeobfuscator/MoonsecDeobfuscator.csproj]
/tmp/MoonsecDeobfuscator/src/Syntax/Parser/LuaLexer.cs(77,57): warning CS8625: Cannot convert null literal to non-nullable reference type. [/tmp/MoonsecDeobfuscator/MoonsecDeobfuscator.csproj]
/tmp/MoonsecDeobfuscator/src/Syntax/Parser/LuaLexer.cs(77,63): warning CS8625: Cannot convert null literal to non-nullable reference type. [/tmp/MoonsecDeobfuscator/MoonsecDeobfuscator.csproj]
/tmp/MoonsecDeobfuscator/src/Syntax/Parser/LuaLexer.cs(77,69): warning CS8625: Cannot convert null literal to non-nullable reference type. [/tmp/MoonsecDeobfuscator/MoonsecDeobfuscator.csproj]
/tmp/MoonsecDeobfuscator/src/Syntax/Parser/LuaLexer.cs(78,3): warning CS8625: Cannot convert null literal to non-nullable reference type. [/tmp/MoonsecDeobfuscator/MoonsecDeobfuscator.csproj]
/tmp/MoonsecDeobfuscator/src/Syntax/Parser/LuaLexer.cs(78,9): warning CS8625: Cannot convert null literal to non-nullable reference type. [/tmp/MoonsecDeobfuscator/MoonsecDeobfuscator.csproj]
/tmp/MoonsecDeobfuscator/src/Syntax/Parser/LuaLexer.cs(78,15): warning CS8625: Cannot convert null literal to non-nullable reference type. [/tmp/MoonsecDeobfuscator/MoonsecDeobfuscator.csproj]
/tmp/MoonsecDeobfuscator/src/Syntax/Parser/LuaLexer.cs(78,21): warning CS8625: Cannot convert null literal to non-nullable reference type. [/tmp/MoonsecDeobfuscator/MoonsecDeobfuscator.csproj]
/tmp/MoonsecDeobfuscator/src/Syntax/Parser/LuaLexer.cs(78,27): warning CS8625: Cannot convert null literal to non-nullable reference type. [/tmp/MoonsecDeobfuscator/MoonsecDeobfuscator.csproj]
/tmp/MoonsecDeobfuscator/src/Syntax/Parser/LuaLexer.cs(78,33): warning CS8625: Cannot convert null literal to non-nullable reference type. [/tmp/MoonsecDeobfuscator/MoonsecDeobfuscator.csproj]
/tmp/MoonsecDeobfuscator/src/Syntax/Parser/LuaLexer.cs(78,39): warning CS8625: Cannot convert null literal to non-nullable reference type. [/tmp/MoonsecDeobfuscator/MoonsecDeobfuscator.csproj]
/tmp/MoonsecDeobfuscator/src/Syntax/Parser/LuaLexer.cs(78,45): warning CS8625: Cannot convert null literal to non-nullable reference type. [/tmp/MoonsecDeobfuscator/MoonsecDeobfuscator.csproj]
/tmp/MoonsecDeobfuscator/src/Syntax/Parser/LuaLexer.cs(78,51): warning CS8625: Cannot convert null literal to non-nullable reference type. [/tmp/MoonsecDeobfuscator/MoonsecDeobfuscator.csproj]
/tmp/MoonsecDeobfuscator/src/Syntax/Parser/LuaLexer.cs(78,57): warning CS8625: Cannot convert null literal to non-nullable reference type. [/tmp/MoonsecDeobfuscator/MoonsecDeobfuscator.csproj]
/tmp/MoonsecDeobfuscator/src/Syntax/Parser/LuaLexer.cs(78,63): warning CS8625: Cannot convert null literal to non-nullable reference type. [/tmp/MoonsecDeobfuscator/MoonsecDeobfuscator.csproj]
/tmp/MoonsecDeobfuscator/src/Syntax/Parser/LuaLexer.cs(78,69): warning CS8625: Cannot convert null literal to non-nullable reference type. [/tmp/MoonsecDeobfuscator/MoonsecDeobfuscator.csproj]
/tmp/MoonsecDeobfuscator/src/Syntax/Parser/LuaLexer.cs(79,3): warning CS8625: Cannot convert null literal to non-nullable reference type. [/tmp/MoonsecDeobfuscator/MoonsecDeobfuscator.csproj]
/tmp/MoonsecDeobfuscator/src/Syntax/Parser/LuaLexer.cs(79,9): warning CS8625: Cannot convert null literal to non-nullable reference type. [/tmp/MoonsecDeobfuscator/MoonsecDeobfuscator.csproj]
/tmp/MoonsecDeobfuscator/src/Syntax/Parser/LuaLexer.cs(79,15): warning CS8625: Cannot convert null literal to non-nullable reference type. [/tmp/MoonsecDeobfuscator/MoonsecDeobfuscator.csproj]
/tmp/MoonsecDeobfuscator/src/Syntax/Parser/LuaLexer.cs(79,21): warning CS8625: Cannot convert null literal to non-nullable reference type. [/tmp/MoonsecDeobfuscator/MoonsecDeobfuscator.csproj]
/tmp/MoonsecDeobfuscator/src/Syntax/Parser/LuaLexer.cs(79,27): warning CS8625: Cannot convert null literal to non-nullable reference type. [/tmp/MoonsecDeobfuscator/MoonsecDeobfuscator.csproj]
/tmp/MoonsecDeobfuscator/src/Syntax/Parser/LuaLexer.cs(79,33): warning CS8625: Cannot convert null literal to non-nullable reference type. [/tmp/MoonsecDeobfuscator/MoonsecDeobfuscator.csproj]
/tmp/MoonsecDeobfuscator/src/Syntax/Parser/LuaLexer.cs(79,39): warning CS8625: Cannot convert null literal to non-nullable reference type. [/tmp/MoonsecDeobfuscator/MoonsecDeobfuscator.csproj]
/tmp/MoonsecDeobfuscator/src/Syntax/Parser/LuaLexer.cs(79,45): warning CS8625: Cannot convert null literal to non-nullable reference type. [/tmp/MoonsecDeobfuscator/MoonsecDeobfuscator.csproj]
/tmp/MoonsecDeobfuscator/src/Syntax/Parser/LuaParser.cs(164,40): warning CS8600: Converting null literal or possible null value to non-nullable type. [/tmp/MoonsecDeobfuscator/MoonsecDeobfuscator.csproj]
/tmp/MoonsecDeobfuscator/src/Syntax/Parser/LuaParser.cs(255,40): warning CS8600: Converting null literal or possible null value to non-nullable type. [/tmp/MoonsecDeobfuscator/MoonsecDeobfuscator.csproj]
/tmp/MoonsecDeobfuscator/src/Syntax/Parser/LuaParser.cs(240,40): warning CS8600: Converting null literal or possible null value to non-nullable type. [/tmp/MoonsecDeobfuscator/MoonsecDeobfuscator.csproj]
/tmp/MoonsecDeobfuscator/src/Syntax/Parser/LuaParser.cs(264,40): warning CS8600: Converting null literal or possible null value to non-nullable type. [/tmp/MoonsecDeobfuscator/MoonsecDeobfuscator.csproj]
/tmp/MoonsecDeobfuscator/src/Syntax/Parser/LuaParser.cs(1909,40): warning CS8600: Converting null literal or possible null value to non-nullable type. [/tmp/MoonsecDeobfuscator/MoonsecDeobfuscator.csproj]
/tmp/MoonsecDeobfuscator/src/Syntax/Parser/LuaParser.cs(1846,40): warning CS8600: Converting null literal or possible null value to non-nullable type. [/tmp/MoonsecDeobfuscator/MoonsecDeobfuscator.csproj]
/tmp/MoonsecDeobfuscator/src/Syntax/Parser/LuaParser.cs(1783,40): warning CS8600: Converting null literal or possible null value to non-nullable type. [/tmp/MoonsecDeobfuscator/MoonsecDeobfuscator.csproj]
/tmp/MoonsecDeobfuscator/src/Syntax/Parser/LuaParser.cs(273,40): warning CS8600: Converting null literal or possible null value to non-nullable type. [/tmp/MoonsecDeobfuscator/MoonsecDeobfuscator.csproj]
/tmp/MoonsecDeobfuscator/src/Syntax/Parser/LuaParser.cs(1721,40): warning CS8600: Converting null literal or possible null value to non-nullable type. [/tmp/MoonsecDeobfuscator/MoonsecDeobfuscator.csproj]
/tmp/MoonsecDeobfuscator/src/Syntax/Parser/LuaParser.cs(1445,40): warning CS8600: Converting null literal or possible null value to non-nullable type. [/tmp/MoonsecDeobfuscator/MoonsecDeobfuscator.csproj]
/tmp/MoonsecDeobfuscator/src/Syntax/Parser/LuaParser.cs(1433,40): warning CS8600: Converting null literal or possible null value to non-nullable type. [/tmp/MoonsecDeobfuscator/MoonsecDeobfuscator.csproj]
/tmp/MoonsecDeobfuscator/src/Syntax/Parser/LuaParser.cs(286,40): warning CS8600: Converting null literal or possible null value to non-nullable type. [/tmp/MoonsecDeobfuscator/MoonsecDeobfuscator.csproj]
/tmp/MoonsecDeobfuscator/src/Syntax/Parser/LuaParser.cs(1424,40): warning CS8600: Converting null literal or possible null value to non-nullable type. [/tmp/MoonsecDeobfuscator/MoonsecDeobfuscator.csproj]
/tmp/MoonsecDeobfuscator/src/Syntax/Parser/LuaParser.cs(301,40): warning CS8600: Converting null literal or possible null value to non-nullable type. [/tmp/MoonsecDeobfuscator/MoonsecDeobfuscator.csproj]
/tmp/MoonsecDeobfuscator/src/Syntax/Parser/LuaParser.cs(1406,40): warning CS8600: Converting null literal or possible null value to non-nullable type. [/tmp/MoonsecDeobfuscator/MoonsecDeobfuscator.csproj]
/tmp/MoonsecDeobfuscator/src/Syntax/Parser/LuaParser.cs(313,40): warning CS8600: Converting null literal or possible null value to non-nullable type. [/tmp/MoonsecDeobfuscator/MoonsecDeobfuscator.csproj]
/tmp/MoonsecDeobfuscator/src/Syntax/Parser/LuaParser.cs(1397,40): warning CS8600: Converting null literal or possible null value to non-nullable type. [/tmp/MoonsecDeobfuscator/MoonsecDeobfuscator.csproj]
/tmp/MoonsecDeobfuscator/src/Syntax/Parser/LuaParser.cs(1379,40): warning CS8600: Converting null literal or possible null value to non-nullable type. [/tmp/MoonsecDeobfuscator/MoonsecDeobfuscator.csproj]
/tmp/MoonsecDeobfuscator/src/Syntax/Parser/LuaParser.cs(1361,40): warning CS8600: Converting null literal or possible null value to non-nullable type. [/tmp/MoonsecDeobfuscator/MoonsecDeobfuscator.csproj]
/tmp/MoonsecDeobfuscator/src/Syntax/Parser/LuaParser.cs(1349,40): warning CS8600: Converting null literal or possible null value to non-nullable type. [/tmp/MoonsecDeobfuscator/MoonsecDeobfuscator.csproj]
/tmp/MoonsecDeobfuscator/src/Syntax/Parser/LuaParser.cs(1331,40): warning CS8600: Converting null literal or possible null value to non-nullable type. [/tmp/MoonsecDeobfuscator/MoonsecDeobfuscator.csproj]
/tmp/MoonsecDeobfuscator/src/Syntax/Parser/LuaParser.cs(325,40): warning CS8600: Converting null literal or possible null value to non-nullable type. [/tmp/MoonsecDeobfuscator/MoonsecDeobfuscator.csproj]
/tmp/MoonsecDeobfuscator/src/Syntax/Parser/LuaParser.cs(337,40): warning CS8600: Converting null literal or possible null value to non-nullable type. [/tmp/MoonsecDeobfuscator/MoonsecDeobfuscator.csproj]
/tmp/MoonsecDeobfuscator/src/Syntax/Parser/LuaParser.cs(1313,40): warning CS8600: Converting null literal or possible null value to non-nullable type. [/tmp/MoonsecDeobfuscator/MoonsecDeobfuscator.csproj]
/tmp/MoonsecDeobfuscator/src/Syntax/Parser/LuaParser.cs(1298,40): warning CS8600: Converting null literal or possible null value to non-nullable type. [/tmp/MoonsecDeobfuscator/MoonsecDeobfuscator.csproj]
/tmp/MoonsecDeobfuscator/src/Syntax/Parser/LuaParser.cs(362,40): warning CS8600: Converting null literal or possible null value to non-nullable type. [/tmp/MoonsecDeobfuscator/MoonsecDeobfuscator.csproj]
/tmp/MoonsecDeobfuscator/src/Syntax/Parser/LuaParser.cs(352,40): warning CS8600: Converting null literal or possible null value to non-nullable type. [/tmp/MoonsecDeobfuscator/MoonsecDeobfuscator.csproj]
/tmp/MoonsecDeobfuscator/src/Syntax/Parser/LuaParser.cs(1286,40): warning CS8600: Converting null literal or possible null value to non-nullable type. [/tmp/MoonsecDeobfuscator/MoonsecDeobfuscator.csproj]
/tmp/MoonsecDeobfuscator/src/Syntax/Parser/LuaParser.cs(377,40): warning CS8600: Converting null literal or possible null value to non-nullable type. [/tmp/MoonsecDeobfuscator/MoonsecDeobfuscator.csproj]
/tmp/MoonsecDeobfuscator/src/Syntax/Parser/LuaParser.cs(392,40): warning CS8600: Converting null literal or possible null value to non-nullable type. [/tmp/MoonsecDeobfuscator/MoonsecDeobfuscator.csproj]
/tmp/MoonsecDeobfuscator/src/Syntax/Parser/LuaParser.cs(410,40): warning CS8600: Converting null literal or possible null value to non-nullable type. [/tmp/MoonsecDeobfuscator/MoonsecDeobfuscator.csproj]
/tmp/MoonsecDeobfuscator/src/Syntax/Parser/LuaParser.cs(1274,40): warning CS8600: Converting null literal or possible null value to non-nullable type. [/tmp/MoonsecDeobfuscator/MoonsecDeobfuscator.csproj]
/tmp/MoonsecDeobfuscator/src/Syntax/Parser/LuaParser.cs(429,40): warning CS8600: Converting null literal or possible null value to non-nullable type. [/tmp/MoonsecDeobfuscator/MoonsecDeobfuscator.csproj]
/tmp/MoonsecDeobfuscator/src/Syntax/Parser/LuaParser.cs(685,40): warning CS8600: Converting null literal or possible null value to non-nullable type. [/tmp/MoonsecDeobfuscator/MoonsecDeobfuscator.csproj]
/tmp/MoonsecDeobfuscator/src/Syntax/Parser/LuaParser.cs(1265,40): warning CS8600: Converting null literal or possible null value to non-nullable type. [/tmp/MoonsecDeobfuscator/MoonsecDeobfuscator.csproj]
/tmp/MoonsecDeobfuscator/src/Syntax/Parser/LuaParser.cs(797,40): warning CS8600: Converting null literal or possible null value to non-nullable type. [/tmp/MoonsecDeobfuscator/MoonsecDeobfuscator.csproj]
/tmp/MoonsecDeobfuscator/src/Syntax/Parser/LuaParser.cs(1247,40): warning CS8600: Converting null literal or possible null value to non-nullable type. [/tmp/MoonsecDeobfuscator/MoonsecDeobfuscator.csproj]
/tmp/MoonsecDeobfuscator/src/Syntax/Parser/LuaParser.cs(739,40): warning CS8600: Converting null literal or possible null value to non-nullable type. [/tmp/MoonsecDeobfuscator/MoonsecDeobfuscator.csproj]
/tmp/MoonsecDeobfuscator/src/Syntax/Parser/LuaParser.cs(905,40): warning CS8600: Converting null literal or possible null value to non-nullable type. [/tmp/MoonsecDeobfuscator/MoonsecDeobfuscator.csproj]
/tmp/MoonsecDeobfuscator/src/Syntax/Parser/LuaParser.cs(847,40): warning CS8600: Converting null literal or possible null value to non-nullable type. [/tmp/MoonsecDeobfuscator/MoonsecDeobfuscator.csproj]
/tmp/MoonsecDeobfuscator/src/Syntax/Parser/LuaParser.cs(1229,40): warning CS8600: Converting null literal or possible null value to non-nullable type. [/tmp/MoonsecDeobfuscator/MoonsecDeobfuscator.csproj]
/tmp/MoonsecDeobfuscator/src/Syntax/Parser/LuaParser.cs(1211,40): warning CS8600: Converting null literal or possible null value to non-nullable type. [/tmp/MoonsecDeobfuscator/MoonsecDeobfuscator.csproj]
/tmp/MoonsecDeobfuscator/src/Syntax/Parser/LuaParser.cs(1202,40): warning CS8600: Converting null literal or possible null value to non-nullable type. [/tmp/MoonsecDeobfuscator/MoonsecDeobfuscator.csproj]
/tmp/MoonsecDeobfuscator/src/Syntax/Parser/LuaParser.cs(1020,40): warning CS8600: Converting null literal or possible null value to non-nullable type. [/tmp/MoonsecDeobfuscator/MoonsecDeobfuscator.csproj]
/tmp/MoonsecDeobfuscator/src/Syntax/Parser/LuaParser.cs(949,40): warning CS8600: Converting null literal or possible null value to non-nullable type. [/tmp/MoonsecDeobfuscator/MoonsecDeobfuscator.csproj]
/tmp/MoonsecDeobfuscator/src/Syntax/Parser/LuaParser.cs(1077,40): warning CS8600: Converting null literal or possible null value to non-nullable type. [/tmp/MoonsecDeobfuscator/MoonsecDeobfuscator.csproj]
/tmp/MoonsecDeobfuscator/src/Syntax/Parser/LuaParser.cs(1138,40): warning CS8600: Converting null literal or possible null value to non-nullable type. [/tmp/MoonsecDeobfuscator/MoonsecDeobfuscator.csproj]
  MoonsecDeobfuscator -> /tmp/MoonsecDeobfuscator/bin/Release/net9.0/MoonsecDeobfuscator.dll

Build succeeded.

/tmp/MoonsecDeobfuscator/src/Syntax/Parser/LuaVisitor.cs(22,18): warning CS3021: 'ILuaVisitor<Result>' does not need a CLSCompliant attribute because the assembly does not have a CLSCompliant attribute [/tmp/MoonsecDeobfuscator/MoonsecDeobfuscator.csproj]
/tmp/MoonsecDeobfuscator/src/Syntax/Parser/LuaParser.cs(20,22): warning CS3021: 'LuaParser' does not need a CLSCompliant attribute because the assembly does not have a CLSCompliant attribute [/tmp/MoonsecDeobfuscator/MoonsecDeobfuscator.csproj]
/tmp/MoonsecDeobfuscator/src/Syntax/Parser/LuaLexer.cs(19,22): warning CS3021: 'LuaLexer' does not need a CLSCompliant attribute because the assembly does not have a CLSCompliant attribute [/tmp/MoonsecDeobfuscator/MoonsecDeobfuscator.csproj]
/tmp/MoonsecDeobfuscator/src/Syntax/Parser/LuaBaseVisitor.cs(24,22): warning CS3021: 'LuaBaseVisitor<Result>' does not need a CLSCompliant attribute because the assembly does not have a CLSCompliant attribute [/tmp/MoonsecDeobfuscator/MoonsecDeobfuscator.csproj]
/tmp/MoonsecDeobfuscator/src/Syntax/Parser/LuaParser.cs(56,3): warning CS8625: Cannot convert null literal to non-nullable reference type. [/tmp/MoonsecDeobfuscator/MoonsecDeobfuscator.csproj]
/tmp/MoonsecDeobfuscator/src/Syntax/Parser/LuaParser.cs(65,3): warning CS8625: Cannot convert null literal to non-nullable reference type. [/tmp/MoonsecDeobfuscator/MoonsecDeobfuscator.csproj]
/tmp/MoonsecDeobfuscator/src/Syntax/Parser/LuaParser.cs(65,9): warning CS8625: Cannot convert null literal to non-nullable reference type. [/tmp/MoonsecDeobfuscator/MoonsecDeobfuscator.csproj]
/tmp/MoonsecDeobfuscator/src/Syntax/Parser/LuaParser.cs(65,15): warning CS8625: Cannot convert null literal to non-nullable reference type. [/tmp/MoonsecDeobfuscator/MoonsecDeobfuscator.csproj]
/tmp/MoonsecDeobfuscator/src/Syntax/Parser/LuaParser.cs(65,21): warning CS8625: Cannot convert null literal to non-nullable reference type. [/tmp/MoonsecDeobfuscator/MoonsecDeobfuscator.csproj]
/tmp/MoonsecDeobfuscator/src/Syntax/Parser/LuaParser.cs(65,27): warning CS8625: Cannot convert null literal to non-nullable reference type. [/tmp/MoonsecDeobfuscator/MoonsecDeobfuscator.csproj]
/tmp/MoonsecDeobfuscator/src/Syntax/Parser/LuaParser.cs(65,33): warning CS8625: Cannot convert null literal to non-nullable reference type. [/tmp/MoonsecDeobfuscator/MoonsecDeobfuscator.csproj]
/tmp/MoonsecDeobfuscator/src/Syntax/Parser/LuaParser.cs(65,39): warning CS8625: Cannot convert null literal to non-nullable reference type. [/tmp/MoonsecDeobfuscator/MoonsecDeobfuscator.csproj]
/tmp/MoonsecDeobfuscator/src/Syntax/Parser/LuaParser.cs(65,45): warning CS8625: Cannot convert null literal to non-nullable reference type. [/tmp/MoonsecDeobfuscator/MoonsecDeobfuscator.csproj]
/tmp/MoonsecDeobfuscator/src/Syntax/Parser/LuaParser.cs(65,51): warning CS8625: Cannot convert null literal to non-nullable reference type. [/tmp/MoonsecDeobfuscator/MoonsecDeobfuscator.csproj]
/tmp/MoonsecDeobfuscator/src/Syntax/Parser/LuaParser.cs(65,57): warning CS8625: Cannot convert null literal to non-nullable reference type. [/tmp/MoonsecDeobfuscator/MoonsecDeobfuscator.csproj]
/tmp/MoonsecDeobfuscator/src/Syntax/Parser/LuaParser.cs(65,63): warning CS8625: Cannot convert null literal to non-nullable reference type. [/tmp/MoonsecDeobfuscator/MoonsecDeobfuscator.csproj]
/tmp/MoonsecDeobfuscator/src/Syntax/Parser/LuaParser.cs(65,69): warning CS8625: Cannot convert null literal to non-nullable reference type. [/tmp/MoonsecDeobfuscator/MoonsecDeobfuscator.csproj]
/tmp/MoonsecDeobfuscator/src/Syntax/Parser/LuaParser.cs(66,3): warning CS8625: Cannot convert null literal to non-nullable reference type. [/tmp/MoonsecDeobfuscator/MoonsecDeobfuscator.csproj]
/tmp/MoonsecDeobfuscator/src/Syntax/Parser/LuaParser.cs(66,9): warning CS8625: Cannot convert null literal to non-nullable reference type. [/tmp/MoonsecDeobfuscator/MoonsecDeobfuscator.csproj]
/tmp/MoonsecDeobfuscator/src/Syntax/Parser/LuaParser.cs(66,15): warning CS8625: Cannot convert null literal to non-nullable reference type. [/tmp/MoonsecDeobfuscator/MoonsecDeobfuscator.csproj]
/tmp/MoonsecDeobfuscator/src/Syntax/Parser/LuaParser.cs(66,21): warning CS8625: Cannot convert null literal to non-nullable reference type. [/tmp/MoonsecDeobfuscator/MoonsecDeobfuscator.csproj]
/tmp/MoonsecDeobfuscator/src/Syntax/Parser/LuaParser.cs(66,27): warning CS8625: Cannot convert null literal to non-nullable reference type. [/tmp/MoonsecDeobfuscator/MoonsecDeobfuscator.csproj]
/tmp/MoonsecDeobfuscator/src/Syntax/Parser/LuaParser.cs(66,33): warning CS8625: Cannot convert null literal to non-nullable reference type. [/tmp/MoonsecDeobfuscator/MoonsecDeobfuscator.csproj]
/tmp/MoonsecDeobfuscator/src/Syntax/Parser/LuaParser.cs(66,39): warning CS8625: Cannot convert null literal to non-nullable reference type. [/tmp/MoonsecDeobfuscator/MoonsecDeobfuscator.csproj]
/tmp/MoonsecDeobfuscator/src/Syntax/Parser/LuaParser.cs(66,45): warning CS8625: Cannot convert null literal to non-nullable reference type. [/tmp/MoonsecDeobfuscator/MoonsecDeobfuscator.csproj]
/tmp/MoonsecDeobfuscator/src/Syntax/Parser/LuaParser.cs(66,51): warning CS8625: Cannot convert null literal to non-nullable reference type. [/tmp/MoonsecDeobfuscator/MoonsecDeobfuscator.csproj]
/tmp/MoonsecDeobfuscator/src/Syntax/Parser/LuaParser.cs(66,57): warning CS8625: Cannot convert null literal to non-nullable reference type. [/tmp/MoonsecDeobfuscator/MoonsecDeobfuscator.csproj]
/tmp/MoonsecDeobfuscator/src/Syntax/Parser/LuaParser.cs(66,63): warning CS8625: Cannot convert null literal to non-nullable reference type. [/tmp/MoonsecDeobfuscator/MoonsecDeobfuscator.csproj]
/tmp/MoonsecDeobfuscator/src/Syntax/Parser/LuaParser.cs(66,69): warning CS8625: Cannot convert null literal to non-nullable reference type. [/tmp/MoonsecDeobfuscator/MoonsecDeobfuscator.csproj]
/tmp/MoonsecDeobfuscator/src/Syntax/Parser/LuaParser.cs(67,3): warning CS8625: Cannot convert null literal to non-nullable reference type. [/tmp/MoonsecDeobfuscator/MoonsecDeobfuscator.csproj]
/tmp/MoonsecDeobfuscator/src/Syntax/Parser/LuaParser.cs(67,9): warning CS8625: Cannot convert null literal to non-nullable reference type. [/tmp/MoonsecDeobfuscator/MoonsecDeobfuscator.csproj]
/tmp/MoonsecDeobfuscator/src/Syntax/Parser/LuaParser.cs(67,15): warning CS8625: Cannot convert null literal to non-nullable reference type. [/tmp/MoonsecDeobfuscator/MoonsecDeobfuscator.csproj]
/tmp/MoonsecDeobfuscator/src/Syntax/Parser/LuaParser.cs(67,21): warning CS8625: Cannot convert null literal to non-nullable reference type. [/tmp/MoonsecDeobfuscator/MoonsecDeobfuscator.csproj]
/tmp/MoonsecDeobfuscator/src/Syntax/Parser/LuaParser.cs(67,27): warning CS8625: Cannot convert null literal to non-nullable reference type. [/tmp/MoonsecDeobfuscator/MoonsecDeobfuscator.csproj]
/tmp/MoonsecDeobfuscator/src/Syntax/Parser/LuaParser.cs(67,33): warning CS8625: Cannot convert null literal to non-nullable reference type. [/tmp/MoonsecDeobfuscator/MoonsecDeobfuscator.csproj]
/tmp/MoonsecDeobfuscator/src/Syntax/Parser/LuaParser.cs(67,39): warning CS8625: Cannot convert null literal to non-nullable reference type. [/tmp/MoonsecDeobfuscator/MoonsecDeobfuscator.csproj]
/tmp/MoonsecDeobfuscator/src/Syntax/Parser/LuaParser.cs(67,45): warning CS8625: Cannot convert null literal to non-nullable reference type. [/tmp/MoonsecDeobfuscator/MoonsecDeobfuscator.csproj]
/tmp/MoonsecDeobfuscator/src/Syntax/Parser/LuaParser.cs(67,51): warning CS8625: Cannot convert null literal to non-nullable reference type. [/tmp/MoonsecDeobfuscator/MoonsecDeobfuscator.csproj]
/tmp/MoonsecDeobfuscator/src/Syntax/Parser/LuaParser.cs(67,57): warning CS8625: Cannot convert null literal to non-nullable reference type. [/tmp/MoonsecDeobfuscator/MoonsecDeobfuscator.csproj]
/tmp/MoonsecDeobfuscator/src/Syntax/Parser/LuaParser.cs(67,63): warning CS8625: Cannot convert null literal to non-nullable reference type. [/tmp/MoonsecDeobfuscator/MoonsecDeobfuscator.csproj]
/tmp/MoonsecDeobfuscator/src/Syntax/Parser/LuaParser.cs(67,69): warning CS8625: Cannot convert null literal to non-nullable reference type. [/tmp/MoonsecDeobfuscator/MoonsecDeobfuscator.csproj]
/tmp/MoonsecDeobfuscator/src/Syntax/Parser/LuaParser.cs(68,3): warning CS8625: Cannot convert null literal to non-nullable reference type. [/tmp/MoonsecDeobfuscator/MoonsecDeobfuscator.csproj]
/tmp/MoonsecDeobfuscator/src/Syntax/Parser/LuaParser.cs(68,9): warning CS8625: Cannot convert null literal to non-nullable reference type. [/tmp/MoonsecDeobfuscator/MoonsecDeobfuscator.csproj]
/tmp/MoonsecDeobfuscator/src/Syntax/Parser/LuaParser.cs(68,15): warning CS8625: Cannot convert null literal to non-nullable reference type. [/tmp/MoonsecDeobfuscator/MoonsecDeobfuscator.csproj]
/tmp/MoonsecDeobfuscator/src/Syntax/Parser/LuaParser.cs(68,21): warning CS8625: Cannot convert null literal to non-nullable reference type. [/tmp/MoonsecDeobfuscator/MoonsecDeobfuscator.csproj]
/tmp/MoonsecDeobfuscator/src/Syntax/Parser/LuaParser.cs(68,27): warning CS8625: Cannot convert null literal to non-nullable reference type. [/tmp/MoonsecDeobfuscator/MoonsecDeobfuscator.csproj]
/tmp/MoonsecDeobfuscator/src/Syntax/Parser/LuaParser.cs(68,33): warning CS8625: Cannot convert null literal to non-nullable reference type. [/tmp/MoonsecDeobfuscator/MoonsecDeobfuscator.csproj]
/tmp/MoonsecDeobfuscator/src/Syntax/Parser/LuaParser.cs(68,39): warning CS8625: Cannot convert null literal to non-nullable reference type. [/tmp/MoonsecDeobfuscator/MoonsecDeobfuscator.csproj]
/tmp/MoonsecDeobfuscator/src/Syntax/Parser/LuaParser.cs(68,45): warning CS8625: Cannot convert null literal to non-nullable reference type. [/tmp/MoonsecDeobfuscator/MoonsecDeobfuscator.csproj]
/tmp/MoonsecDeobfuscator/src/Syntax/Parser/LuaParser.cs(68,51): warning CS8625: Cannot convert null literal to non-nullable reference type. [/tmp/MoonsecDeobfuscator/MoonsecDeobfuscator.csproj]
/tmp/MoonsecDeobfuscator/src/Syntax/Parser/LuaParser.cs(68,57): warning CS8625: Cannot convert null literal to non-nullable reference type. [/tmp/MoonsecDeobfuscator/MoonsecDeobfuscator.csproj]
/tmp/MoonsecDeobfuscator/src/Syntax/Parser/LuaParser.cs(68,63): warning CS8625: Cannot convert null literal to non-nullable reference type. [/tmp/MoonsecDeobfuscator/MoonsecDeobfuscator.csproj]
/tmp/MoonsecDeobfuscator/src/Syntax/Parser/LuaParser.cs(68,69): warning CS8625: Cannot convert null literal to non-nullable reference type. [/tmp/MoonsecDeobfuscator/MoonsecDeobfuscator.csproj]
/tmp/MoonsecDeobfuscator/src/Syntax/Parser/LuaParser.cs(69,3): warning CS8625: Cannot convert null literal to non-nullable reference type. [/tmp/MoonsecDeobfuscator/MoonsecDeobfuscator.csproj]
/tmp/MoonsecDeobfuscator/src/Syntax/Parser/LuaParser.cs(69,9): warning CS8625: Cannot convert null literal to non-nullable reference type. [/tmp/MoonsecDeobfuscator/MoonsecDeobfuscator.csproj]
/tmp/MoonsecDeobfuscator/src/Syntax/Parser/LuaParser.cs(69,15): warning CS8625: Cannot convert null literal to non-nullable reference type. [/tmp/MoonsecDeobfuscator/MoonsecDeobfuscator.csproj]
/tmp/MoonsecDeobfuscator/src/Syntax/Parser/LuaParser.cs(69,21): warning CS8625: Cannot convert null literal to non-nullable reference type. [/tmp/MoonsecDeobfuscator/MoonsecDeobfuscator.csproj]
/tmp/MoonsecDeobfuscator/src/Syntax/Parser/LuaParser.cs(69,27): warning CS8625: Cannot convert null literal to non-nullable reference type. [/tmp/MoonsecDeobfuscator/MoonsecDeobfuscator.csproj]
/tmp/MoonsecDeobfuscator/src/Syntax/Parser/LuaParser.cs(69,33): warning CS8625: Cannot convert null literal to non-nullable reference type. [/tmp/MoonsecDeobfuscator/MoonsecDeobfuscator.csproj]
/tmp/MoonsecDeobfuscator/src/Syntax/Parser/LuaParser.cs(69,39): warning CS8625: Cannot convert null literal to non-nullable reference type. [/tmp/MoonsecDeobfuscator/MoonsecDeobfuscator.csproj]
/tmp/MoonsecDeobfuscator/src/Syntax/Parser/LuaParser.cs(69,45): warning CS8625: Cannot convert null literal to non-nullable reference type. [/tmp/MoonsecDeobfuscator/MoonsecDeobfuscator.csproj]
/tmp/MoonsecDeobfuscator/src/Deobfuscation/Context.cs(15,26): warning CS8618: Non-nullable field 'Wrapper' must contain a non-null value when exiting constructor. Consider adding the 'required' modifier or declaring the field as nullable. [/tmp/MoonsecDeobfuscator/MoonsecDeobfuscator.csproj]
/tmp/MoonsecDeobfuscator/src/Deobfuscation/Context.cs(16,15): warning CS8618: Non-nullable field 'VmTree' must contain a non-null value when exiting constructor. Consider adding the 'required' modifier or declaring the field as nullable. [/tmp/MoonsecDeobfuscator/MoonsecDeobfuscator.csproj]
/tmp/MoonsecDeobfuscator/src/Deobfuscation/Context.cs(17,19): warning CS8618: Non-nullable field 'BytecodeString' must contain a non-null value when exiting constructor. Consider adding the 'required' modifier or declaring the field as nullable. [/tmp/MoonsecDeobfuscator/MoonsecDeobfuscator.csproj]
/tmp/MoonsecDeobfuscator/src/Syntax/Parser/LuaParser.cs(3011,40): warning CS8600: Converting null literal or possible null value to non-nullable type. [/tmp/MoonsecDeobfuscator/MoonsecDeobfuscator.csproj]
/tmp/MoonsecDeobfuscator/src/Syntax/Parser/LuaParser.cs(2964,40): warning CS8600: Converting null literal or possible null value to non-nullable type. [/tmp/MoonsecDeobfuscator/MoonsecDeobfuscator.csproj]
/tmp/MoonsecDeobfuscator/src/Syntax/Parser/LuaParser.cs(2924,40): warning CS8600: Converting null literal or possible null value to non-nullable type. [/tmp/MoonsecDeobfuscator/MoonsecDeobfuscator.csproj]
/tmp/MoonsecDeobfuscator/src/Syntax/Parser/LuaParser.cs(2880,40): warning CS8600: Converting null literal or possible null value to non-nullable type. [/tmp/MoonsecDeobfuscator/MoonsecDeobfuscator.csproj]
/tmp/MoonsecDeobfuscator/src/Syntax/Parser/LuaParser.cs(2836,40): warning CS8600: Converting null literal or possible null value to non-nullable type. [/tmp/MoonsecDeobfuscator/MoonsecDeobfuscator.csproj]
/tmp/MoonsecDeobfuscator/src/Syntax/Parser/LuaParser.cs(2792,40): warning CS8600: Converting null literal or possible null value to non-nullable type. [/tmp/MoonsecDeobfuscator/MoonsecDeobfuscator.csproj]
/tmp/MoonsecDeobfuscator/src/Syntax/Parser/LuaParser.cs(2748,40): warning CS8600: Converting null literal or possible null value to non-nullable type. [/tmp/MoonsecDeobfuscator/MoonsecDeobfuscator.csproj]
/tmp/MoonsecDeobfuscator/src/Syntax/Parser/LuaParser.cs(2712,40): warning CS8600: Converting null literal or possible null value to non-nullable type. [/tmp/MoonsecDeobfuscator/MoonsecDeobfuscator.csproj]
/tmp/MoonsecDeobfuscator/src/Syntax/Parser/LuaParser.cs(2668,40): warning CS8600: Converting null literal or possible null value to non-nullable type. [/tmp/MoonsecDeobfuscator/MoonsecDeobfuscator.csproj]
/tmp/MoonsecDeobfuscator/src/Syntax/Parser/LuaParser.cs(2632,40): warning CS8600: Converting null literal or possible null value to non-nullable type. [/tmp/MoonsecDeobfuscator/MoonsecDeobfuscator.csproj]
/tmp/MoonsecDeobfuscator/src/Syntax/Parser/LuaParser.cs(2596,40): warning CS8600: Converting null literal or possible null value to non-nullable type. [/tmp/MoonsecDeobfuscator/MoonsecDeobfuscator.csproj]
/tmp/MoonsecDeobfuscator/src/Syntax/Parser/LuaParser.cs(2552,40): warning CS8600: Converting null literal or possible null value to non-nullable type. [/tmp/MoonsecDeobfuscator/MoonsecDeobfuscator.csproj]
/tmp/MoonsecDeobfuscator/src/Syntax/Parser/LuaParser.cs(2484,40): warning CS8600: Converting null literal or possible null value to non-nullable type. [/tmp/MoonsecDeobfuscator/MoonsecDeobfuscator.csproj]
/tmp/MoonsecDeobfuscator/src/Syntax/Parser/LuaParser.cs(2411,40): warning CS8600: Converting null literal or possible null value to non-nullable type. [/tmp/MoonsecDeobfuscator/MoonsecDeobfuscator.csproj]
/tmp/MoonsecDeobfuscator/src/Syntax/Parser/LuaParser.cs(2350,40): warning CS8600: Converting null literal or possible null value to non-nullable type. [/tmp/MoonsecDeobfuscator/MoonsecDeobfuscator.csproj]
/tmp/MoonsecDeobfuscator/src/Syntax/Parser/LuaParser.cs(2283,40): warning CS8600: Converting null literal or possible null value to non-nullable type. [/tmp/MoonsecDeobfuscator/MoonsecDeobfuscator.csproj]
/tmp/MoonsecDeobfuscator/src/Syntax/Parser/LuaParser.cs(2227,40): warning CS8600: Converting null literal or possible null value to non-nullable type. [/tmp/MoonsecDeobfuscator/MoonsecDeobfuscator.csproj]
/tmp/MoonsecDeobfuscator/src/Syntax/Parser/LuaParser.cs(2183,40): warning CS8600: Converting null literal or possible null value to non-nullable type. [/tmp/MoonsecDeobfuscator/MoonsecDeobfuscator.csproj]
/tmp/MoonsecDeobfuscator/src/Syntax/Parser/LuaParser.cs(2107,40): warning CS8600: Converting null literal or possible null value to non-nullable type. [/tmp/MoonsecDeobfuscator/MoonsecDeobfuscator.csproj]
/tmp/MoonsecDeobfuscator/src/Syntax/Parser/LuaParser.cs(2049,40): warning CS8600: Converting null literal or possible null value to non-nullable type. [/tmp/MoonsecDeobfuscator/MoonsecDeobfuscator.csproj]
/tmp/MoonsecDeobfuscator/src/Syntax/Parser/LuaParser.cs(117,40): warning CS8600: Converting null literal or possible null value to non-nullable type. [/tmp/MoonsecDeobfuscator/MoonsecDeobfuscator.csproj]
/tmp/MoonsecDeobfuscator/src/Syntax/Parser/LuaParser.cs(1988,40): warning CS8600: Converting null literal or possible null value to non-nullable type. [/tmp/MoonsecDeobfuscator/MoonsecDeobfuscator.csproj]
/tmp/MoonsecDeobfuscator/src/Syntax/Parser/LuaLexer.cs(66,3): warning CS8625: Cannot convert null literal to non-nullable reference type. [/tmp/MoonsecDeobfuscator/MoonsecDeobfuscator.csproj]
/tmp/MoonsecDeobfuscator/src/Syntax/Parser/LuaLexer.cs(75,3): warning CS8625: Cannot convert null literal to non-nullable reference type. [/tmp/MoonsecDeobfuscator/MoonsecDeobfuscator.csproj]
/tmp/MoonsecDeobfuscator/src/Syntax/Parser/LuaLexer.cs(75,9): warning CS8625: Cannot convert null literal to non-nullable reference type. [/tmp/MoonsecDeobfuscator/MoonsecDeobfuscator.csproj]
/tmp/MoonsecDeobfuscator/src/Syntax/Parser/LuaLexer.cs(75,15): warning CS8625: Cannot convert null literal to non-nullable reference type. [/tmp/MoonsecDeobfuscator/MoonsecDeobfuscator.csproj]
/tmp/MoonsecDeobfuscator/src/Syntax/Parser/LuaLexer.cs(75,21): warning CS8625: Cannot convert null literal to non-nullable reference type. [/tmp/MoonsecDeobfuscator/MoonsecDeobfuscator.csproj]
/tmp/MoonsecDeobfuscator/src/Syntax/Parser/LuaLexer.cs(75,27): warning CS8625: Cannot convert null literal to non-nullable reference type. [/tmp/MoonsecDeobfuscator/MoonsecDeobfuscator.csproj]
/tmp/MoonsecDeobfuscator/src/Syntax/Parser/LuaLexer.cs(75,33): warning CS8625: Cannot convert null literal to non-nullable reference type. [/tmp/MoonsecDeobfuscator/MoonsecDeobfuscator.csproj]
/tmp/MoonsecDeobfuscator/src/Syntax/Parser/LuaLexer.cs(75,39): warning CS8625: Cannot convert null literal to non-nullable reference type. [/tmp/MoonsecDeobfuscator/MoonsecDeobfuscator.csproj]
/tmp/MoonsecDeobfuscator/src/Syntax/Parser/LuaLexer.cs(75,45): warning CS8625: Cannot convert null literal to non-nullable reference type. [/tmp/MoonsecDeobfuscator/MoonsecDeobfuscator.csproj]
/tmp/MoonsecDeobfuscator/src/Syntax/Parser/LuaLexer.cs(75,51): warning CS8625: Cannot convert null literal to non-nullable reference type. [/tmp/MoonsecDeobfuscator/MoonsecDeobfuscator.csproj]
/tmp/MoonsecDeobfuscator/src/Syntax/Parser/LuaLexer.cs(75,57): warning CS8625: Cannot convert null literal to non-nullable reference type. [/tmp/MoonsecDeobfuscator/MoonsecDeobfuscator.csproj]
/tmp/MoonsecDeobfuscator/src/Syntax/Parser/LuaLexer.cs(75,63): warning CS8625: Cannot convert null literal to non-nullable reference type. [/tmp/MoonsecDeobfuscator/MoonsecDeobfuscator.csproj]
/tmp/MoonsecDeobfuscator/src/Syntax/Parser/LuaLexer.cs(75,69): warning CS8625: Cannot convert null literal to non-nullable reference type. [/tmp/MoonsecDeobfuscator/MoonsecDeobfuscator.csproj]
/tmp/MoonsecDeobfuscator/src/Syntax/Parser/LuaLexer.cs(76,3): warning CS8625: Cannot convert null literal to non-nullable reference type. [/tmp/MoonsecDeobfuscator/MoonsecDeobfuscator.csproj]
/tmp/MoonsecDeobfuscator/src/Syntax/Parser/LuaLexer.cs(76,9): warning CS8625: Cannot convert null literal to non-nullable reference type. [/tmp/MoonsecDeobfuscator/MoonsecDeobfuscator.csproj]
/tmp/MoonsecDeobfuscator/src/Syntax/Parser/LuaLexer.cs(76,15): warning CS8625: Cannot convert null literal to non-nullable reference type. [/tmp/MoonsecDeobfuscator/MoonsecDeobfuscator.csproj]
/tmp/MoonsecDeobfuscator/src/Syntax/Parser/LuaLexer.cs(76,21): warning CS8625: Cannot convert null literal to non-nullable reference type. [/tmp/MoonsecDeobfuscator/MoonsecDeobfuscator.csproj]
/tmp/MoonsecDeobfuscator/src/Syntax/Parser/LuaLexer.cs(76,27): warning CS8625: Cannot convert null literal to non-nullable reference type. [/tmp/MoonsecDeobfuscator/MoonsecDeobfuscator.csproj]
/tmp/MoonsecDeobfuscator/src/Syntax/Parser/LuaLexer.cs(76,33): warning CS8625: Cannot convert null literal to non-nullable reference type. [/tmp/MoonsecDeobfuscator/MoonsecDeobfuscator.csproj]
/tmp/MoonsecDeobfuscator/src/Syntax/Parser/LuaLexer.cs(76,39): warning CS8625: Cannot convert null literal to non-nullable reference type. [/tmp/MoonsecDeobfuscator/MoonsecDeobfuscator.csproj]
/tmp/MoonsecDeobfuscator/src/Syntax/Parser/LuaLexer.cs(76,45): warning CS8625: Cannot convert null literal to non-nullable reference type. [/tmp/MoonsecDeobfuscator/MoonsecDeobfuscator.csproj]
/tmp/MoonsecDeobfuscator/src/Syntax/Parser/LuaLexer.cs(76,51): warning CS8625: Cannot convert null literal to non-nullable reference type. [/tmp/MoonsecDeobfuscator/MoonsecDeobfuscator.csproj]
/tmp/MoonsecDeobfuscator/src/Syntax/Parser/LuaLexer.cs(76,57): warning CS8625: Cannot convert null literal to non-nullable reference type. [/tmp/MoonsecDeobfuscator/MoonsecDeobfuscator.csproj]
/tmp/MoonsecDeobfuscator/src/Syntax/Parser/LuaLexer.cs(76,63): warning CS8625: Cannot convert null literal to non-nullable reference type. [/tmp/MoonsecDeobfuscator/MoonsecDeobfuscator.csproj]
/tmp/MoonsecDeobfuscator/src/Syntax/Parser/LuaLexer.cs(76,69): warning CS8625: Cannot convert null literal to non-nullable reference type. [/tmp/MoonsecDeobfuscator/MoonsecDeobfuscator.csproj]
/tmp/MoonsecDeobfuscator/src/Syntax/Parser/LuaLexer.cs(77,3): warning CS8625: Cannot convert null literal to non-nullable reference type. [/tmp/MoonsecDeobfuscator/MoonsecDeobfuscator.csproj]
/tmp/MoonsecDeobfuscator/src/Syntax/Parser/LuaLexer.cs(77,9): warning CS8625: Cannot convert null literal to non-nullable reference type. [/tmp/MoonsecDeobfuscator/MoonsecDeobfuscator.csproj]
/tmp/MoonsecDeobfuscator/src/Syntax/Parser/LuaLexer.cs(77,15): warning CS8625: Cannot convert null literal to non-nullable reference type. [/tmp/MoonsecDeobfuscator/MoonsecDeobfuscator.csproj]
/tmp/MoonsecDeobfuscator/src/Syntax/Parser/LuaLexer.cs(77,21): warning CS8625: Cannot convert null literal to non-nullable reference type. [/tmp/MoonsecDeobfuscator/MoonsecDeobfuscator.csproj]
/tmp/MoonsecDeobfuscator/src/Syntax/Parser/LuaLexer.cs(77,27): warning CS8625: Cannot convert null literal to non-nullable reference type. [/tmp/MoonsecDeobfuscator/MoonsecDeobfuscator.csproj]
/tmp/MoonsecDeobfuscator/src/Syntax/Parser/LuaLexer.cs(77,33): warning CS8625: Cannot convert null literal to non-nullable reference type. [/tmp/MoonsecDeobfuscator/MoonsecDeobfuscator.csproj]
/tmp/MoonsecDeobfuscator/src/Syntax/Parser/LuaLexer.cs(77,39): warning CS8625: Cannot convert null literal to non-nullable reference type. [/tmp/MoonsecDeobfuscator/MoonsecDeobfuscator.csproj]
/tmp/MoonsecDeobfuscator/src/Syntax/Parser/LuaLexer.cs(77,45): warning CS8625: Cannot convert null literal to non-nullable reference type. [/tmp/MoonsecDeobfuscator/MoonsecDeobfuscator.csproj]
/tmp/MoonsecDeobfuscator/src/Syntax/Parser/LuaLexer.cs(77,51): warning CS8625: Cannot convert null literal to non-nullable reference type. [/tmp/MoonsecDeobfuscator/MoonsecDeobfuscator.csproj]
/tmp/MoonsecDeobfuscator/src/Syntax/Parser/LuaLexer.cs(77,57): warning CS8625: Cannot convert null literal to non-nullable reference type. [/tmp/MoonsecDeobfuscator/MoonsecDeobfuscator.csproj]
/tmp/MoonsecDeobfuscator/src/Syntax/Parser/LuaLexer.cs(77,63): warning CS8625: Cannot convert null literal to non-nullable reference type. [/tmp/MoonsecDeobfuscator/MoonsecDeobfuscator.csproj]
/tmp/MoonsecDeobfuscator/src/Syntax/Parser/LuaLexer.cs(77,69): warning CS8625: Cannot convert null literal to non-nullable reference type. [/tmp/MoonsecDeobfuscator/MoonsecDeobfuscator.csproj]
/tmp/MoonsecDeobfuscator/src/Syntax/Parser/LuaLexer.cs(78,3): warning CS8625: Cannot convert null literal to non-nullable reference type. [/tmp/MoonsecDeobfuscator/MoonsecDeobfuscator.csproj]
/tmp/MoonsecDeobfuscator/src/Syntax/Parser/LuaLexer.cs(78,9): warning CS8625: Cannot convert null literal to non-nullable reference type. [/tmp/MoonsecDeobfuscator/MoonsecDeobfuscator.csproj]
/tmp/MoonsecDeobfuscator/src/Syntax/Parser/LuaLexer.cs(78,15): warning CS8625: Cannot convert null literal to non-nullable reference type. [/tmp/MoonsecDeobfuscator/MoonsecDeobfuscator.csproj]
/tmp/MoonsecDeobfuscator/src/Syntax/Parser/LuaLexer.cs(78,21): warning CS8625: Cannot convert null literal to non-nullable reference type. [/tmp/MoonsecDeobfuscator/MoonsecDeobfuscator.csproj]
/tmp/MoonsecDeobfuscator/src/Syntax/Parser/LuaLexer.cs(78,27): warning CS8625: Cannot convert null literal to non-nullable reference type. [/tmp/MoonsecDeobfuscator/MoonsecDeobfuscator.csproj]
/tmp/MoonsecDeobfuscator/src/Syntax/Parser/LuaLexer.cs(78,33): warning CS8625: Cannot convert null literal to non-nullable reference type. [/tmp/MoonsecDeobfuscator/MoonsecDeobfuscator.csproj]
/tmp/MoonsecDeobfuscator/src/Syntax/Parser/LuaLexer.cs(78,39): warning CS8625: Cannot convert null literal to non-nullable reference type. [/tmp/MoonsecDeobfuscator/MoonsecDeobfuscator.csproj]
/tmp/MoonsecDeobfuscator/src/Syntax/Parser/LuaLexer.cs(78,45): warning CS8625: Cannot convert null literal to non-nullable reference type. [/tmp/MoonsecDeobfuscator/MoonsecDeobfuscator.csproj]
/tmp/MoonsecDeobfuscator/src/Syntax/Parser/LuaLexer.cs(78,51): warning CS8625: Cannot convert null literal to non-nullable reference type. [/tmp/MoonsecDeobfuscator/MoonsecDeobfuscator.csproj]
/tmp/MoonsecDeobfuscator/src/Syntax/Parser/LuaLexer.cs(78,57): warning CS8625: Cannot convert null literal to non-nullable reference type. [/tmp/MoonsecDeobfuscator/MoonsecDeobfuscator.csproj]
/tmp/MoonsecDeobfuscator/src/Syntax/Parser/LuaLexer.cs(78,63): warning CS8625: Cannot convert null literal to non-nullable reference type. [/tmp/MoonsecDeobfuscator/MoonsecDeobfuscator.csproj]
/tmp/MoonsecDeobfuscator/src/Syntax/Parser/LuaLexer.cs(78,69): warning CS8625: Cannot convert null literal to non-nullable reference type. [/tmp/MoonsecDeobfuscator/MoonsecDeobfuscator.csproj]
/tmp/MoonsecDeobfuscator/src/Syntax/Parser/LuaLexer.cs(79,3): warning CS8625: Cannot convert null literal to non-nullable reference type. [/tmp/MoonsecDeobfuscator/MoonsecDeobfuscator.csproj]
/tmp/MoonsecDeobfuscator/src/Syntax/Parser/LuaLexer.cs(79,9): warning CS8625: Cannot convert null literal to non-nullable reference type. [/tmp/MoonsecDeobfuscator/MoonsecDeobfuscator.csproj]
/tmp/MoonsecDeobfuscator/src/Syntax/Parser/LuaLexer.cs(79,15): warning CS8625: Cannot convert null literal to non-nullable reference type. [/tmp/MoonsecDeobfuscator/MoonsecDeobfuscator.csproj]
/tmp/MoonsecDeobfuscator/src/Syntax/Parser/LuaLexer.cs(79,21): warning CS8625: Cannot convert null literal to non-nullable reference type. [/tmp/MoonsecDeobfuscator/MoonsecDeobfuscator.csproj]
/tmp/MoonsecDeobfuscator/src/Syntax/Parser/LuaLexer.cs(79,27): warning CS8625: Cannot convert null literal to non-nullable reference type. [/tmp/MoonsecDeobfuscator/MoonsecDeobfuscator.csproj]
/tmp/MoonsecDeobfuscator/src/Syntax/Parser/LuaLexer.cs(79,33): warning CS8625: Cannot convert null literal to non-nullable reference type. [/tmp/MoonsecDeobfuscator/MoonsecDeobfuscator.csproj]
/tmp/MoonsecDeobfuscator/src/Syntax/Parser/LuaLexer.cs(79,39): warning CS8625: Cannot convert null literal to non-nullable reference type. [/tmp/MoonsecDeobfuscator/MoonsecDeobfuscator.csproj]
/tmp/MoonsecDeobfuscator/src/Syntax/Parser/LuaLexer.cs(79,45): warning CS8625: Cannot convert null literal to non-nullable reference type. [/tmp/MoonsecDeobfuscator/MoonsecDeobfuscator.csproj]
/tmp/MoonsecDeobfuscator/src/Syntax/Parser/LuaParser.cs(164,40): warning CS8600: Converting null literal or possible null value to non-nullable type. [/tmp/MoonsecDeobfuscator/MoonsecDeobfuscator.csproj]
/tmp/MoonsecDeobfuscator/src/Syntax/Parser/LuaParser.cs(255,40): warning CS8600: Converting null literal or possible null value to non-nullable type. [/tmp/MoonsecDeobfuscator/MoonsecDeobfuscator.csproj]
/tmp/MoonsecDeobfuscator/src/Syntax/Parser/LuaParser.cs(240,40): warning CS8600: Converting null literal or possible null value to non-nullable type. [/tmp/MoonsecDeobfuscator/MoonsecDeobfuscator.csproj]
/tmp/MoonsecDeobfuscator/src/Syntax/Parser/LuaParser.cs(264,40): warning CS8600: Converting null literal or possible null value to non-nullable type. [/tmp/MoonsecDeobfuscator/MoonsecDeobfuscator.csproj]
/tmp/MoonsecDeobfuscator/src/Syntax/Parser/LuaParser.cs(1909,40): warning CS8600: Converting null literal or possible null value to non-nullable type. [/tmp/MoonsecDeobfuscator/MoonsecDeobfuscator.csproj]
/tmp/MoonsecDeobfuscator/src/Syntax/Parser/LuaParser.cs(1846,40): warning CS8600: Converting null literal or possible null value to non-nullable type. [/tmp/MoonsecDeobfuscator/MoonsecDeobfuscator.csproj]
/tmp/MoonsecDeobfuscator/src/Syntax/Parser/LuaParser.cs(1783,40): warning CS8600: Converting null literal or possible null value to non-nullable type. [/tmp/MoonsecDeobfuscator/MoonsecDeobfuscator.csproj]
/tmp/MoonsecDeobfuscator/src/Syntax/Parser/LuaParser.cs(273,40): warning CS8600: Converting null literal or possible null value to non-nullable type. [/tmp/MoonsecDeobfuscator/MoonsecDeobfuscator.csproj]
/tmp/MoonsecDeobfuscator/src/Syntax/Parser/LuaParser.cs(1721,40): warning CS8600: Converting null literal or possible null value to non-nullable type. [/tmp/MoonsecDeobfuscator/MoonsecDeobfuscator.csproj]
/tmp/MoonsecDeobfuscator/src/Syntax/Parser/LuaParser.cs(1445,40): warning CS8600: Converting null literal or possible null value to non-nullable type. [/tmp/MoonsecDeobfuscator/MoonsecDeobfuscator.csproj]
/tmp/MoonsecDeobfuscator/src/Syntax/Parser/LuaParser.cs(1433,40): warning CS8600: Converting null literal or possible null value to non-nullable type. [/tmp/MoonsecDeobfuscator/MoonsecDeobfuscator.csproj]
/tmp/MoonsecDeobfuscator/src/Syntax/Parser/LuaParser.cs(286,40): warning CS8600: Converting null literal or possible null value to non-nullable type. [/tmp/MoonsecDeobfuscator/MoonsecDeobfuscator.csproj]
/tmp/MoonsecDeobfuscator/src/Syntax/Parser/LuaParser.cs(1424,40): warning CS8600: Converting null literal or possible null value to non-nullable type. [/tmp/MoonsecDeobfuscator/MoonsecDeobfuscator.csproj]
/tmp/MoonsecDeobfuscator/src/Syntax/Parser/LuaParser.cs(301,40): warning CS8600: Converting null literal or possible null value to non-nullable type. [/tmp/MoonsecDeobfuscator/MoonsecDeobfuscator.csproj]
/tmp/MoonsecDeobfuscator/src/Syntax/Parser/LuaParser.cs(1406,40): warning CS8600: Converting null literal or possible null value to non-nullable type. [/tmp/MoonsecDeobfuscator/MoonsecDeobfuscator.csproj]
/tmp/MoonsecDeobfuscator/src/Syntax/Parser/LuaParser.cs(313,40): warning CS8600: Converting null literal or possible null value to non-nullable type. [/tmp/MoonsecDeobfuscator/MoonsecDeobfuscator.csproj]
/tmp/MoonsecDeobfuscator/src/Syntax/Parser/LuaParser.cs(1397,40): warning CS8600: Converting null literal or possible null value to non-nullable type. [/tmp/MoonsecDeobfuscator/MoonsecDeobfuscator.csproj]
/tmp/MoonsecDeobfuscator/src/Syntax/Parser/LuaParser.cs(1379,40): warning CS8600: Converting null literal or possible null value to non-nullable type. [/tmp/MoonsecDeobfuscator/MoonsecDeobfuscator.csproj]
/tmp/MoonsecDeobfuscator/src/Syntax/Parser/LuaParser.cs(1361,40): warning CS8600: Converting null literal or possible null value to non-nullable type. [/tmp/MoonsecDeobfuscator/MoonsecDeobfuscator.csproj]
/tmp/MoonsecDeobfuscator/src/Syntax/Parser/LuaParser.cs(1349,40): warning CS8600: Converting null literal or possible null value to non-nullable type. [/tmp/MoonsecDeobfuscator/MoonsecDeobfuscator.csproj]
/tmp/MoonsecDeobfuscator/src/Syntax/Parser/LuaParser.cs(1331,40): warning CS8600: Converting null literal or possible null value to non-nullable type. [/tmp/MoonsecDeobfuscator/MoonsecDeobfuscator.csproj]
/tmp/MoonsecDeobfuscator/src/Syntax/Parser/LuaParser.cs(325,40): warning CS8600: Converting null literal or possible null value to non-nullable type. [/tmp/MoonsecDeobfuscator/MoonsecDeobfuscator.csproj]
/tmp/MoonsecDeobfuscator/src/Syntax/Parser/LuaParser.cs(337,40): warning CS8600: Converting null literal or possible null value to non-nullable type. [/tmp/MoonsecDeobfuscator/MoonsecDeobfuscator.csproj]
/tmp/MoonsecDeobfuscator/src/Syntax/Parser/LuaParser.cs(1313,40): warning CS8600: Converting null literal or possible null value to non-nullable type. [/tmp/MoonsecDeobfuscator/MoonsecDeobfuscator.csproj]
/tmp/MoonsecDeobfuscator/src/Syntax/Parser/LuaParser.cs(1298,40): warning CS8600: Converting null literal or possible null value to non-nullable type. [/tmp/MoonsecDeobfuscator/MoonsecDeobfuscator.csproj]
/tmp/MoonsecDeobfuscator/src/Syntax/Parser/LuaParser.cs(362,40): warning CS8600: Converting null literal or possible null value to non-nullable type. [/tmp/MoonsecDeobfuscator/MoonsecDeobfuscator.csproj]
/tmp/MoonsecDeobfuscator/src/Syntax/Parser/LuaParser.cs(352,40): warning CS8600: Converting null literal or possible null value to non-nullable type. [/tmp/MoonsecDeobfuscator/MoonsecDeobfuscator.csproj]
/tmp/MoonsecDeobfuscator/src/Syntax/Parser/LuaParser.cs(1286,40): warning CS8600: Converting null literal or possible null value to non-nullable type. [/tmp/MoonsecDeobfuscator/MoonsecDeobfuscator.csproj]
/tmp/MoonsecDeobfuscator/src/Syntax/Parser/LuaParser.cs(377,40): warning CS8600: Converting null literal or possible null value to non-nullable type. [/tmp/MoonsecDeobfuscator/MoonsecDeobfuscator.csproj]
/tmp/MoonsecDeobfuscator/src/Syntax/Parser/LuaParser.cs(392,40): warning CS8600: Converting null literal or possible null value to non-nullable type. [/tmp/MoonsecDeobfuscator/MoonsecDeobfuscator.csproj]
/tmp/MoonsecDeobfuscator/src/Syntax/Parser/LuaParser.cs(410,40): warning CS8600: Converting null literal or possible null value to non-nullable type. [/tmp/MoonsecDeobfuscator/MoonsecDeobfuscator.csproj]
/tmp/MoonsecDeobfuscator/src/Syntax/Parser/LuaParser.cs(1274,40): warning CS8600: Converting null literal or possible null value to non-nullable type. [/tmp/MoonsecDeobfuscator/MoonsecDeobfuscator.csproj]
/tmp/MoonsecDeobfuscator/src/Syntax/Parser/LuaParser.cs(429,40): warning CS8600: Converting null literal or possible null value to non-nullable type. [/tmp/MoonsecDeobfuscator/MoonsecDeobfuscator.csproj]
/tmp/MoonsecDeobfuscator/src/Syntax/Parser/LuaParser.cs(685,40): warning CS8600: Converting null literal or possible null value to non-nullable type. [/tmp/MoonsecDeobfuscator/MoonsecDeobfuscator.csproj]
/tmp/MoonsecDeobfuscator/src/Syntax/Parser/LuaParser.cs(1265,40): warning CS8600: Converting null literal or possible null value to non-nullable type. [/tmp/MoonsecDeobfuscator/MoonsecDeobfuscator.csproj]
/tmp/MoonsecDeobfuscator/src/Syntax/Parser/LuaParser.cs(797,40): warning CS8600: Converting null literal or possible null value to non-nullable type. [/tmp/MoonsecDeobfuscator/MoonsecDeobfuscator.csproj]
/tmp/MoonsecDeobfuscator/src/Syntax/Parser/LuaParser.cs(1247,40): warning CS8600: Converting null literal or possible null value to non-nullable type. [/tmp/MoonsecDeobfuscator/MoonsecDeobfuscator.csproj]
/tmp/MoonsecDeobfuscator/src/Syntax/Parser/LuaParser.cs(739,40): warning CS8600: Converting null literal or possible null value to non-nullable type. [/tmp/MoonsecDeobfuscator/MoonsecDeobfuscator.csproj]
/tmp/MoonsecDeobfuscator/src/Syntax/Parser/LuaParser.cs(905,40): warning CS8600: Converting null literal or possible null value to non-nullable type. [/tmp/MoonsecDeobfuscator/MoonsecDeobfuscator.csproj]
/tmp/MoonsecDeobfuscator/src/Syntax/Parser/LuaParser.cs(847,40): warning CS8600: Converting null literal or possible null value to non-nullable type. [/tmp/MoonsecDeobfuscator/MoonsecDeobfuscator.csproj]
/tmp/MoonsecDeobfuscator/src/Syntax/Parser/LuaParser.cs(1229,40): warning CS8600: Converting null literal or possible null value to non-nullable type. [/tmp/MoonsecDeobfuscator/MoonsecDeobfuscator.csproj]
/tmp/MoonsecDeobfuscator/src/Syntax/Parser/LuaParser.cs(1211,40): warning CS8600: Converting null literal or possible null value to non-nullable type. [/tmp/MoonsecDeobfuscator/MoonsecDeobfuscator.csproj]
/tmp/MoonsecDeobfuscator/src/Syntax/Parser/LuaParser.cs(1202,40): warning CS8600: Converting null literal or possible null value to non-nullable type. [/tmp/MoonsecDeobfuscator/MoonsecDeobfuscator.csproj]
/tmp/MoonsecDeobfuscator/src/Syntax/Parser/LuaParser.cs(1020,40): warning CS8600: Converting null literal or possible null value to non-nullable type. [/tmp/MoonsecDeobfuscator/MoonsecDeobfuscator.csproj]
/tmp/MoonsecDeobfuscator/src/Syntax/Parser/LuaParser.cs(949,40): warning CS8600: Converting null literal or possible null value to non-nullable type. [/tmp/MoonsecDeobfuscator/MoonsecDeobfuscator.csproj]
/tmp/MoonsecDeobfuscator/src/Syntax/Parser/LuaParser.cs(1077,40): warning CS8600: Converting null literal or possible null value to non-nullable type. [/tmp/MoonsecDeobfuscator/MoonsecDeobfuscator.csproj]
/tmp/MoonsecDeobfuscator/src/Syntax/Parser/LuaParser.cs(1138,40): warning CS8600: Converting null literal or possible null value to non-nullable type. [/tmp/MoonsecDeobfuscator/MoonsecDeobfuscator.csproj]
    190 Warning(s)
    0 Error(s)

Time Elapsed 00:00:07.27
build_exit=0
